// Jest Snapshot v1, https://goo.gl/fbAQLP

exports[`Stack monitor Snapshot 1`] = `
Object {
  "Outputs": Object {
    "ChannelIdOutput": Object {
      "Value": Object {
        "Ref": "LazyChannelId",
      },
    },
    "WorkspaceIdOutput": Object {
      "Value": Object {
        "Ref": "LazyWorkspaceId",
      },
    },
  },
  "Parameters": Object {
    "BootstrapVersion": Object {
      "Default": "/cdk-bootstrap/hnb659fds/version",
      "Description": "Version of the CDK Bootstrap resources in this environment, automatically retrieved from SSM Parameter Store. [cdk:skip]",
      "Type": "AWS::SSM::Parameter::Value<String>",
    },
    "LazyChannelId": Object {
      "Type": "String",
    },
    "LazyWorkspaceId": Object {
      "Type": "String",
    },
  },
  "Resources": Object {
    "LogRetentionaae0aa3c5b4d4f87b02d85b201efdd8aFD4BFC8A": Object {
      "DependsOn": Array [
        "LogRetentionaae0aa3c5b4d4f87b02d85b201efdd8aServiceRoleDefaultPolicyADDA7DEB",
        "LogRetentionaae0aa3c5b4d4f87b02d85b201efdd8aServiceRole9741ECFB",
      ],
      "Properties": Object {
        "Code": Object {
          "S3Bucket": Object {
            "Fn::Sub": "cdk-hnb659fds-assets-\${AWS::AccountId}-\${AWS::Region}",
          },
          "S3Key": "4cd567bf52e0f31674ae9e960efae8855b8b1249fa9997799ae47dc9f80e9ff8.zip",
        },
        "Handler": "index.handler",
        "Role": Object {
          "Fn::GetAtt": Array [
            "LogRetentionaae0aa3c5b4d4f87b02d85b201efdd8aServiceRole9741ECFB",
            "Arn",
          ],
        },
        "Runtime": "nodejs14.x",
      },
      "Type": "AWS::Lambda::Function",
    },
    "LogRetentionaae0aa3c5b4d4f87b02d85b201efdd8aServiceRole9741ECFB": Object {
      "Properties": Object {
        "AssumeRolePolicyDocument": Object {
          "Statement": Array [
            Object {
              "Action": "sts:AssumeRole",
              "Effect": "Allow",
              "Principal": Object {
                "Service": "lambda.amazonaws.com",
              },
            },
          ],
          "Version": "2012-10-17",
        },
        "ManagedPolicyArns": Array [
          Object {
            "Fn::Join": Array [
              "",
              Array [
                "arn:",
                Object {
                  "Ref": "AWS::Partition",
                },
                ":iam::aws:policy/service-role/AWSLambdaBasicExecutionRole",
              ],
            ],
          },
        ],
      },
      "Type": "AWS::IAM::Role",
    },
    "LogRetentionaae0aa3c5b4d4f87b02d85b201efdd8aServiceRoleDefaultPolicyADDA7DEB": Object {
      "Properties": Object {
        "PolicyDocument": Object {
          "Statement": Array [
            Object {
              "Action": Array [
                "logs:PutRetentionPolicy",
                "logs:DeleteRetentionPolicy",
              ],
              "Effect": "Allow",
              "Resource": "*",
            },
          ],
          "Version": "2012-10-17",
        },
        "PolicyName": "LogRetentionaae0aa3c5b4d4f87b02d85b201efdd8aServiceRoleDefaultPolicyADDA7DEB",
        "Roles": Array [
          Object {
            "Ref": "LogRetentionaae0aa3c5b4d4f87b02d85b201efdd8aServiceRole9741ECFB",
          },
        ],
      },
      "Type": "AWS::IAM::Policy",
    },
    "StackMonitoringChatbotBC33B962": Object {
      "Properties": Object {
        "ConfigurationName": "stack-monitoring-channel",
        "IamRoleArn": Object {
          "Fn::GetAtt": Array [
            "StackMonitoringChatbotConfigurationRole7B350AFE",
            "Arn",
          ],
        },
        "LoggingLevel": "INFO",
        "SlackChannelId": Object {
          "Ref": "LazyChannelId",
        },
        "SlackWorkspaceId": Object {
          "Ref": "LazyWorkspaceId",
        },
        "SnsTopicArns": Array [
          Object {
            "Ref": "StackMonitoringTopic36E37431",
          },
        ],
      },
      "Type": "AWS::Chatbot::SlackChannelConfiguration",
    },
    "StackMonitoringChatbotConfigurationRole7B350AFE": Object {
      "Properties": Object {
        "AssumeRolePolicyDocument": Object {
          "Statement": Array [
            Object {
              "Action": "sts:AssumeRole",
              "Effect": "Allow",
              "Principal": Object {
                "Service": "chatbot.amazonaws.com",
              },
            },
          ],
          "Version": "2012-10-17",
        },
      },
      "Type": "AWS::IAM::Role",
    },
    "StackMonitoringChatbotLogRetention9D4D8D76": Object {
      "Properties": Object {
        "LogGroupName": "/aws/chatbot/stack-monitoring-channel",
        "LogGroupRegion": "us-east-1",
        "RetentionInDays": 1,
        "ServiceToken": Object {
          "Fn::GetAtt": Array [
            "LogRetentionaae0aa3c5b4d4f87b02d85b201efdd8aFD4BFC8A",
            "Arn",
          ],
        },
      },
      "Type": "Custom::LogRetention",
    },
    "StackMonitoringTopic36E37431": Object {
      "Properties": Object {
        "TopicName": "stack-monitoring-topic",
      },
      "Type": "AWS::SNS::Topic",
    },
  },
  "Rules": Object {
    "CheckBootstrapVersion": Object {
      "Assertions": Array [
        Object {
          "Assert": Object {
            "Fn::Not": Array [
              Object {
                "Fn::Contains": Array [
                  Array [
                    "1",
                    "2",
                    "3",
                    "4",
                    "5",
                  ],
                  Object {
                    "Ref": "BootstrapVersion",
                  },
                ],
              },
            ],
          },
          "AssertDescription": "CDK bootstrap stack version 6 required. Please run 'cdk bootstrap' with a recent version of the CDK CLI.",
        },
      ],
    },
  },
}
`;
